172.20.0.1 - - [20/Apr/2022:08:50:34 +0000] 127.0.0.1:9080 "GET /apisix/admin/services/ HTTP/1.1" 200 96 0.003 "-" "curl/7.68.0" - - - "http://127.0.0.1:9080"
172.20.0.1 - - [20/Apr/2022:08:51:03 +0000] localhost:9080 "GET / HTTP/1.1" 404 47 0.000 "-" "Mozilla/5.0 (X11; Ubuntu; Linux x86_64; rv:99.0) Gecko/20100101 Firefox/99.0" - - - "http://localhost:9080"
172.20.0.1 - - [20/Apr/2022:08:51:03 +0000] localhost:9080 "GET /favicon.ico HTTP/1.1" 404 47 0.000 "http://localhost:9080/" "Mozilla/5.0 (X11; Ubuntu; Linux x86_64; rv:99.0) Gecko/20100101 Firefox/99.0" - - - "http://localhost:9080"
172.20.0.1 - - [20/Apr/2022:08:58:31 +0000] 127.0.0.1:9080 "PUT /apisix/admin/routes/1 HTTP/1.1" 201 334 0.011 "-" "curl/7.68.0" - - - "http://127.0.0.1:9080"
172.20.0.1 - - [20/Apr/2022:09:03:03 +0000] example.com "GET /anything/foo?arg=10 HTTP/1.1" 200 426 0.557 "-" "curl/7.68.0" 18.215.122.215:80 200 0.524 "http://example.com"
172.20.0.1 - - [20/Apr/2022:09:03:40 +0000] 127.0.0.1:9080 "PUT /apisix/admin/upstreams/1 HTTP/1.1" 201 238 0.006 "-" "curl/7.68.0" - - - "http://127.0.0.1:9080"
172.20.0.1 - - [20/Apr/2022:09:06:15 +0000] 127.0.0.1:9080 "PUT /apisix/admin/routes/1 HTTP/1.1" 200 211 0.003 "-" "curl/7.68.0" - - - "http://127.0.0.1:9080"
172.20.0.1 - - [20/Apr/2022:09:08:31 +0000] httpbin.org "GET /get?foo1=bar1&foo2=bar2 HTTP/1.1" 200 371 0.562 "-" "curl/7.68.0" 18.215.122.215:80 200 0.528 "http://httpbin.org"
172.20.0.1 - - [20/Apr/2022:09:10:31 +0000] 127.0.0.1:9080 "PUT /apisix/admin/consumers HTTP/1.1" 201 194 0.002 "-" "curl/7.68.0" - - - "http://127.0.0.1:9080"
172.20.0.1 - - [20/Apr/2022:09:10:44 +0000] 127.0.0.1:9080 "PUT /apisix/admin/routes/1 HTTP/1.1" 200 272 0.005 "-" "curl/7.68.0" - - - "http://127.0.0.1:9080"
172.20.0.1 - - [20/Apr/2022:09:11:09 +0000] httpbin.org "GET /get?foo1=bar1&foo2=bar2 HTTP/1.1" 401 58 0.000 "-" "curl/7.68.0" - - - "http://httpbin.org"
172.20.0.1 - - [20/Apr/2022:09:11:44 +0000] httpbin.org "GET /get HTTP/1.1" 200 338 0.565 "-" "curl/7.68.0" 18.215.122.215:80 200 0.528 "http://httpbin.org"
172.20.0.1 - - [20/Apr/2022:09:13:40 +0000] 127.0.0.1:9080 "PUT /apisix/admin/routes/1 HTTP/1.1" 200 334 0.004 "-" "curl/7.68.0" - - - "http://127.0.0.1:9080"
172.20.0.1 - - [20/Apr/2022:09:14:33 +0000] 127.0.0.1:9080 "GET /samplePrefix/get?param1=foo&param2=bar HTTP/1.1" 200 399 0.544 "-" "curl/7.68.0" 35.169.55.235:80 200 0.508 "http://127.0.0.1:9080/get?param1=foo&param2=bar"
172.20.0.1 - - [21/Apr/2022:02:51:10 +0000] 127.0.0.1:9080 "POST /apisix/admin/routes HTTP/1.1" 201 899 0.070 "-" "curl/7.68.0" - - - "http://127.0.0.1:9080"
172.20.0.1 - - [21/Apr/2022:02:53:35 +0000] localhost:9080 "GET / HTTP/1.1" 500 565 0.000 "-" "Mozilla/5.0 (X11; Ubuntu; Linux x86_64; rv:99.0) Gecko/20100101 Firefox/99.0" - - - "http://localhost:9080"
172.20.0.1 - - [21/Apr/2022:02:53:42 +0000] localhost:9080 "GET / HTTP/1.1" 500 565 0.000 "-" "Mozilla/5.0 (X11; Ubuntu; Linux x86_64; rv:99.0) Gecko/20100101 Firefox/99.0" - - - "http://localhost:9080"
172.20.0.1 - - [21/Apr/2022:02:53:49 +0000] localhost:9080 "GET /get HTTP/1.1" 500 565 0.005 "-" "Mozilla/5.0 (X11; Ubuntu; Linux x86_64; rv:99.0) Gecko/20100101 Firefox/99.0" - - - "http://localhost:9080"
172.20.0.1 - - [21/Apr/2022:02:54:02 +0000] 127.0.0.1:9080 "GET /image/png HTTP/1.1" 500 565 0.001 "-" "Mozilla/5.0 (X11; Ubuntu; Linux x86_64; rv:99.0) Gecko/20100101 Firefox/99.0" - - - "http://127.0.0.1:9080"
172.20.0.1 - - [21/Apr/2022:02:54:02 +0000] 127.0.0.1:9080 "GET /favicon.ico HTTP/1.1" 500 565 0.001 "http://127.0.0.1:9080/image/png" "Mozilla/5.0 (X11; Ubuntu; Linux x86_64; rv:99.0) Gecko/20100101 Firefox/99.0" - - - "http://127.0.0.1:9080"
172.20.0.1 - - [21/Apr/2022:03:00:25 +0000] 127.0.0.1:9080 "GET /image/png HTTP/1.1" 500 565 0.002 "-" "Mozilla/5.0 (X11; Linux x86_64) AppleWebKit/537.36 (KHTML, like Gecko) Chrome/100.0.4896.60 Safari/537.36" - - - "http://127.0.0.1:9080"
172.20.0.1 - - [21/Apr/2022:03:00:26 +0000] 127.0.0.1:9080 "GET /favicon.ico HTTP/1.1" 500 565 0.001 "http://127.0.0.1:9080/image/png" "Mozilla/5.0 (X11; Linux x86_64) AppleWebKit/537.36 (KHTML, like Gecko) Chrome/100.0.4896.60 Safari/537.36" - - - "http://127.0.0.1:9080"
172.20.0.1 - - [21/Apr/2022:03:00:32 +0000] 127.0.0.1:9080 "GET /favicon.ico HTTP/1.1" 500 565 0.000 "http://127.0.0.1:9080/image/png" "Mozilla/5.0 (X11; Linux x86_64) AppleWebKit/537.36 (KHTML, like Gecko) Chrome/100.0.4896.60 Safari/537.36" - - - "http://127.0.0.1:9080"
172.20.0.1 - - [21/Apr/2022:03:00:35 +0000] 127.0.0.1:9080 "GET /favicon.ico HTTP/1.1" 500 565 0.000 "http://127.0.0.1:9080/image/png" "Mozilla/5.0 (X11; Linux x86_64) AppleWebKit/537.36 (KHTML, like Gecko) Chrome/100.0.4896.60 Safari/537.36" - - - "http://127.0.0.1:9080"
172.20.0.1 - - [21/Apr/2022:03:03:18 +0000] 127.0.0.1:9080 "GET /image/png HTTP/1.1" 500 565 0.000 "-" "Mozilla/5.0 (X11; Ubuntu; Linux x86_64; rv:99.0) Gecko/20100101 Firefox/99.0" - - - "http://127.0.0.1:9080"
172.20.0.1 - - [21/Apr/2022:03:03:24 +0000] localhost:9080 "GET /image/png HTTP/1.1" 500 565 0.001 "-" "Mozilla/5.0 (X11; Ubuntu; Linux x86_64; rv:99.0) Gecko/20100101 Firefox/99.0" - - - "http://localhost:9080"
172.20.0.1 - - [21/Apr/2022:03:05:30 +0000] localhost:9080 "GET /image/png HTTP/1.1" 500 565 0.001 "-" "Mozilla/5.0 (X11; Ubuntu; Linux x86_64; rv:99.0) Gecko/20100101 Firefox/99.0" - - - "http://localhost:9080"
172.20.0.1 - - [21/Apr/2022:03:05:42 +0000] localhost:9080 "GET /image/png HTTP/1.1" 500 565 0.001 "-" "Mozilla/5.0 (X11; Ubuntu; Linux x86_64; rv:99.0) Gecko/20100101 Firefox/99.0" - - - "http://localhost:9080"
172.20.0.1 - - [21/Apr/2022:03:05:42 +0000] localhost:9080 "GET /favicon.ico HTTP/1.1" 500 565 0.001 "http://localhost:9080/image/png" "Mozilla/5.0 (X11; Ubuntu; Linux x86_64; rv:99.0) Gecko/20100101 Firefox/99.0" - - - "http://localhost:9080"
172.20.0.1 - - [21/Apr/2022:03:07:10 +0000] localhost:9080 "GET /image/png HTTP/1.1" 500 565 0.000 "-" "Mozilla/5.0 (X11; Ubuntu; Linux x86_64; rv:99.0) Gecko/20100101 Firefox/99.0" - - - "http://localhost:9080"
172.20.0.1 - - [21/Apr/2022:03:08:20 +0000] localhost:9080 "GET /image/png HTTP/1.1" 500 565 0.001 "-" "Mozilla/5.0 (X11; Ubuntu; Linux x86_64; rv:99.0) Gecko/20100101 Firefox/99.0" - - - "http://localhost:9080"
172.20.0.1 - - [21/Apr/2022:03:08:21 +0000] localhost:9080 "GET /image/png HTTP/1.1" 500 565 0.002 "-" "Mozilla/5.0 (X11; Ubuntu; Linux x86_64; rv:99.0) Gecko/20100101 Firefox/99.0" - - - "http://localhost:9080"
172.20.0.1 - - [21/Apr/2022:03:08:21 +0000] localhost:9080 "GET /image/png HTTP/1.1" 500 565 0.001 "-" "Mozilla/5.0 (X11; Ubuntu; Linux x86_64; rv:99.0) Gecko/20100101 Firefox/99.0" - - - "http://localhost:9080"
172.20.0.1 - - [21/Apr/2022:03:08:22 +0000] localhost:9080 "GET /image/png HTTP/1.1" 500 565 0.002 "-" "Mozilla/5.0 (X11; Ubuntu; Linux x86_64; rv:99.0) Gecko/20100101 Firefox/99.0" - - - "http://localhost:9080"
172.20.0.1 - - [21/Apr/2022:03:10:20 +0000] 127.0.0.1:9080 "PUT /apisix/admin/routes/1 HTTP/1.1" 201 334 0.002 "-" "curl/7.68.0" - - - "http://127.0.0.1:9080"
172.20.0.1 - - [21/Apr/2022:03:11:14 +0000] example.com "GET /anything/foo?arg=10 HTTP/1.1" 200 426 0.886 "-" "curl/7.68.0" 3.231.0.150:80 200 0.852 "http://example.com"
172.20.0.1 - - [21/Apr/2022:03:11:27 +0000] 127.0.0.1:9080 "GET /anything/foo?arg=10 HTTP/1.1" 404 47 0.000 "-" "curl/7.68.0" - - - "http://127.0.0.1:9080"
172.20.0.1 - - [21/Apr/2022:03:14:17 +0000] 127.0.0.1:9080 "GET /anything/foo?arg=10 HTTP/1.1" 404 47 0.000 "-" "curl/7.68.0" - - - "http://127.0.0.1:9080"
172.20.0.1 - - [21/Apr/2022:03:14:27 +0000] 127.0.0.1:9080 "GET /test/foo?arg=10 HTTP/1.1" 404 47 0.000 "-" "curl/7.68.0" - - - "http://127.0.0.1:9080"
172.20.0.1 - - [21/Apr/2022:03:14:46 +0000] test.com "GET /test/foo?arg=10 HTTP/1.1" 404 233 0.555 "-" "curl/7.68.0" 18.215.122.215:80 404 0.520 "http://test.com"
172.20.0.1 - - [21/Apr/2022:03:16:06 +0000] 127.0.0.1:9080 "GET /test/foo?arg=10%22%20-H%20%22Host:%20test.com HTTP/1.1" 404 47 0.000 "-" "Mozilla/5.0 (X11; Ubuntu; Linux x86_64; rv:99.0) Gecko/20100101 Firefox/99.0" - - - "http://127.0.0.1:9080"
172.20.0.1 - - [21/Apr/2022:03:16:22 +0000] 127.0.0.1:9080 "GET /test/foo?arg=10 HTTP/1.1" 404 47 0.000 "-" "Mozilla/5.0 (X11; Ubuntu; Linux x86_64; rv:99.0) Gecko/20100101 Firefox/99.0" - - - "http://127.0.0.1:9080"
172.20.0.1 - - [21/Apr/2022:03:16:44 +0000] test.com "GET /test/foo?arg=10 HTTP/1.1" 404 233 0.544 "-" "curl/7.68.0" 3.231.0.150:80 404 0.500 "http://test.com"
172.20.0.1 - - [21/Apr/2022:03:17:55 +0000] test.com "GET /test/foo?arg=10 HTTP/1.1" 404 47 0.000 "-" "curl/7.68.0" - - - "http://test.com"
172.20.0.1 - - [21/Apr/2022:03:18:04 +0000] httpbin.org "GET /test/foo?arg=10 HTTP/1.1" 404 233 0.564 "-" "curl/7.68.0" 54.145.217.42:80 404 0.524 "http://httpbin.org"
172.20.0.1 - - [21/Apr/2022:03:18:50 +0000] 127.0.0.1:9080 "PUT /apisix/admin/routes/1 HTTP/1.1" 201 334 0.003 "-" "curl/7.68.0" - - - "http://127.0.0.1:9080"
172.20.0.1 - - [21/Apr/2022:03:19:12 +0000] example.com "GET /anything/foo?arg=10 HTTP/1.1" 200 426 0.530 "-" "curl/7.68.0" 52.7.224.181:80 200 0.496 "http://example.com"
172.20.0.1 - - [21/Apr/2022:03:19:52 +0000] example.com "GET /anything/foo?arg=10 HTTP/1.1" 200 426 0.621 "-" "curl/7.68.0" 3.231.0.150:80 200 0.580 "http://example.com"
172.20.0.1 - - [21/Apr/2022:03:20:08 +0000] example.com "GET /anything/foo?arg=10 HTTP/1.1" 200 426 0.566 "-" "curl/7.68.0" 3.226.124.170:80 200 0.568 "http://example.com"
172.20.0.1 - - [21/Apr/2022:03:20:36 +0000] example.com "GET /anything/foo?arg=10 HTTP/1.1" 404 47 0.000 "-" "curl/7.68.0" - - - "http://example.com"
172.20.0.1 - - [21/Apr/2022:03:20:43 +0000] example.com "GET /anything/foo?arg=10 HTTP/1.1" 404 47 0.000 "-" "curl/7.68.0" - - - "http://example.com"
172.20.0.1 - - [21/Apr/2022:03:20:51 +0000] example.com "GET /test/foo?arg=10 HTTP/1.1" 404 233 0.538 "-" "curl/7.68.0" 52.7.224.181:80 404 0.500 "http://example.com"
172.20.0.1 - - [21/Apr/2022:03:22:47 +0000] example.com "GET /test/foo?arg=10 HTTP/1.1" 404 47 0.000 "-" "curl/7.68.0" - - - "http://example.com"
172.20.0.1 - - [21/Apr/2022:03:22:57 +0000] example.com "GET /anything/foo?arg=10 HTTP/1.1" 200 426 0.539 "-" "curl/7.68.0" 18.215.122.215:80 200 0.500 "http://example.com"
172.20.0.1 - - [21/Apr/2022:03:23:33 +0000] example.com "GET /anything/foo?arg=10 HTTP/1.1" 200 426 0.534 "-" "curl/7.68.0" 18.215.122.215:80 200 0.500 "http://example.com"
172.20.0.1 - - [21/Apr/2022:03:23:38 +0000] 127.0.0.1:9080 "GET /anything/foo?arg=10 HTTP/1.1" 200 420 0.528 "-" "curl/7.68.0" 54.145.217.42:80 200 0.524 "http://127.0.0.1:9080"
172.20.0.1 - - [21/Apr/2022:03:24:01 +0000] example.com "GET /anything/foo?arg=10 HTTP/1.1" 200 426 7.733 "-" "curl/7.68.0" 3.226.124.170:80 200 7.732 "http://example.com"
172.20.0.1 - - [21/Apr/2022:03:25:51 +0000] 127.0.0.1:9080 "GET /anything/foo?arg=10 HTTP/1.1" 404 47 0.000 "-" "Mozilla/5.0 (X11; Ubuntu; Linux x86_64; rv:99.0) Gecko/20100101 Firefox/99.0" - - - "http://127.0.0.1:9080"
172.20.0.1 - - [21/Apr/2022:03:26:09 +0000] 127.0.0.1:9080 "GET /anything/foo?arg=10 HTTP/1.1" 200 984 0.590 "-" "Mozilla/5.0 (X11; Ubuntu; Linux x86_64; rv:99.0) Gecko/20100101 Firefox/99.0" 3.226.124.170:80 200 0.548 "http://127.0.0.1:9080"
172.20.0.1 - - [21/Apr/2022:03:26:49 +0000] 127.0.0.1:9080 "GET /anything/foo?arg=10 HTTP/1.1" 400 220 0.554 "-" "Mozilla/5.0 (X11; Ubuntu; Linux x86_64; rv:99.0) Gecko/20100101 Firefox/99.0" 54.145.217.42:443 400 0.516 "http://127.0.0.1:9080"
172.20.0.1 - - [21/Apr/2022:03:27:16 +0000] 127.0.0.1:9080 "GET /anything/foo?arg=10 HTTP/1.1" 200 984 0.526 "-" "Mozilla/5.0 (X11; Ubuntu; Linux x86_64; rv:99.0) Gecko/20100101 Firefox/99.0" 18.215.122.215:80 200 0.528 "http://127.0.0.1:9080"
172.20.0.1 - - [21/Apr/2022:03:36:15 +0000] 127.0.0.1:9080 "GET /anything/foo?arg=10 HTTP/1.1" 404 47 0.000 "-" "Mozilla/5.0 (X11; Ubuntu; Linux x86_64; rv:99.0) Gecko/20100101 Firefox/99.0" - - - "http://127.0.0.1:9080"
172.20.0.1 - - [21/Apr/2022:03:36:23 +0000] 127.0.0.1:9080 "GET /get?arg=10 HTTP/1.1" 404 47 0.000 "-" "Mozilla/5.0 (X11; Ubuntu; Linux x86_64; rv:99.0) Gecko/20100101 Firefox/99.0" - - - "http://127.0.0.1:9080"
172.20.0.1 - - [21/Apr/2022:03:36:45 +0000] 127.0.0.1:9080 "GET /get/x?arg=10 HTTP/1.1" 500 565 0.002 "-" "Mozilla/5.0 (X11; Ubuntu; Linux x86_64; rv:99.0) Gecko/20100101 Firefox/99.0" - - - "http://127.0.0.1:9080"
172.20.0.1 - - [21/Apr/2022:03:37:11 +0000] 127.0.0.1:9080 "GET /get?arg=10 HTTP/1.1" 500 565 0.001 "-" "Mozilla/5.0 (X11; Ubuntu; Linux x86_64; rv:99.0) Gecko/20100101 Firefox/99.0" - - - "http://127.0.0.1:9080"
172.20.0.1 - - [21/Apr/2022:03:38:34 +0000] 127.0.0.1:9080 "GET /get?arg=10 HTTP/1.1" 499 0 1.817 "-" "Mozilla/5.0 (X11; Ubuntu; Linux x86_64; rv:99.0) Gecko/20100101 Firefox/99.0" 3.226.124.170:80 - 1.776 "http://127.0.0.1:9080"
172.20.0.1 - - [21/Apr/2022:03:38:35 +0000] 127.0.0.1:9080 "GET /get?arg=10 HTTP/1.1" 499 0 0.891 "-" "Mozilla/5.0 (X11; Ubuntu; Linux x86_64; rv:99.0) Gecko/20100101 Firefox/99.0" 35.169.55.235:80 - 0.888 "http://127.0.0.1:9080"
172.20.0.1 - - [21/Apr/2022:03:38:36 +0000] 127.0.0.1:9080 "GET /get?arg=10 HTTP/1.1" 499 0 1.233 "-" "Mozilla/5.0 (X11; Ubuntu; Linux x86_64; rv:99.0) Gecko/20100101 Firefox/99.0" 35.169.55.235:80 - 1.232 "http://127.0.0.1:9080"
172.20.0.1 - - [21/Apr/2022:03:38:37 +0000] 127.0.0.1:9080 "GET /get?arg=10 HTTP/1.1" 499 0 0.715 "-" "Mozilla/5.0 (X11; Ubuntu; Linux x86_64; rv:99.0) Gecko/20100101 Firefox/99.0" 52.7.224.181:80 - 0.712 "http://127.0.0.1:9080"
172.20.0.1 - - [21/Apr/2022:03:38:38 +0000] 127.0.0.1:9080 "GET /get?arg=10 HTTP/1.1" 200 892 1.462 "-" "Mozilla/5.0 (X11; Ubuntu; Linux x86_64; rv:99.0) Gecko/20100101 Firefox/99.0" 52.7.224.181:80 200 1.460 "http://127.0.0.1:9080"
172.20.0.1 - - [21/Apr/2022:03:38:46 +0000] 127.0.0.1:9080 "GET /get?arg=10 HTTP/1.1" 200 892 2.722 "-" "Mozilla/5.0 (X11; Ubuntu; Linux x86_64; rv:99.0) Gecko/20100101 Firefox/99.0" 18.215.122.215:80 200 2.724 "http://127.0.0.1:9080"
172.20.0.1 - - [21/Apr/2022:03:42:06 +0000] 127.0.0.1:9080 "GET /get?arg=10 HTTP/1.1" 200 927 1.655 "-" "Mozilla/5.0 (X11; Ubuntu; Linux x86_64; rv:99.0) Gecko/20100101 Firefox/99.0" 3.226.124.170:80 200 1.620 "http://127.0.0.1:9080"
172.20.0.1 - - [21/Apr/2022:03:43:06 +0000] 127.0.0.1:9080 "GET /get?arg=10 HTTP/1.1" 302 142 0.009 "-" "Mozilla/5.0 (X11; Ubuntu; Linux x86_64; rv:99.0) Gecko/20100101 Firefox/99.0" - - - "http://127.0.0.1:9080"
172.20.0.1 - - [21/Apr/2022:03:43:53 +0000] 127.0.0.1:9080 "GET /get?arg=10 HTTP/1.1" 302 142 0.000 "-" "Mozilla/5.0 (X11; Ubuntu; Linux x86_64; rv:99.0) Gecko/20100101 Firefox/99.0" - - - "http://127.0.0.1:9080"
172.20.0.1 - - [21/Apr/2022:03:43:58 +0000] 127.0.0.1:9080 "GET /get/x?arg=10 HTTP/1.1" 404 47 0.000 "-" "Mozilla/5.0 (X11; Ubuntu; Linux x86_64; rv:99.0) Gecko/20100101 Firefox/99.0" - - - "http://127.0.0.1:9080"
172.20.0.1 - - [21/Apr/2022:03:44:05 +0000] 127.0.0.1:9080 "GET /get?arg=10 HTTP/1.1" 302 142 0.000 "-" "Mozilla/5.0 (X11; Ubuntu; Linux x86_64; rv:99.0) Gecko/20100101 Firefox/99.0" - - - "http://127.0.0.1:9080"
192.168.16.8 - - [21/Apr/2022:03:44:30 +0000] 192.168.16.8:9080 "GET /?state=d311ca0cc6646708a16b6f72f936778f&session_state=e2a7e4f2-5962-488a-a699-28aca7f12da3&code=58d70950-dcd8-49c1-87b0-ca0be87ddfc1.e2a7e4f2-5962-488a-a699-28aca7f12da3.e12669ae-507a-4c17-8445-0e8c4fa9e00c HTTP/1.1" 404 47 0.000 "http://192.168.16.8:8080/" "Mozilla/5.0 (X11; Ubuntu; Linux x86_64; rv:99.0) Gecko/20100101 Firefox/99.0" - - - "http://192.168.16.8:9080"
192.168.16.8 - - [21/Apr/2022:03:44:30 +0000] 192.168.16.8:9080 "GET /favicon.ico HTTP/1.1" 404 47 0.000 "http://192.168.16.8:9080/?state=d311ca0cc6646708a16b6f72f936778f&session_state=e2a7e4f2-5962-488a-a699-28aca7f12da3&code=58d70950-dcd8-49c1-87b0-ca0be87ddfc1.e2a7e4f2-5962-488a-a699-28aca7f12da3.e12669ae-507a-4c17-8445-0e8c4fa9e00c" "Mozilla/5.0 (X11; Ubuntu; Linux x86_64; rv:99.0) Gecko/20100101 Firefox/99.0" - - - "http://192.168.16.8:9080"
192.168.16.8 - - [21/Apr/2022:03:45:01 +0000] 192.168.16.8:9080 "GET /get?x=1 HTTP/1.1" 302 142 0.000 "-" "Mozilla/5.0 (X11; Ubuntu; Linux x86_64; rv:99.0) Gecko/20100101 Firefox/99.0" - - - "http://192.168.16.8:9080"
192.168.16.8 - - [21/Apr/2022:03:45:01 +0000] 192.168.16.8:9080 "GET /?state=3c4cd79e84f2a0bbab8fbeb78351b98d&session_state=e2a7e4f2-5962-488a-a699-28aca7f12da3&code=584f3fb3-ab79-41a7-990d-8ca0f68a9ede.e2a7e4f2-5962-488a-a699-28aca7f12da3.e12669ae-507a-4c17-8445-0e8c4fa9e00c HTTP/1.1" 404 47 0.000 "-" "Mozilla/5.0 (X11; Ubuntu; Linux x86_64; rv:99.0) Gecko/20100101 Firefox/99.0" - - - "http://192.168.16.8:9080"
172.20.0.1 - - [21/Apr/2022:03:45:31 +0000] 127.0.0.1:9080 "GET /get?arg=10 HTTP/1.1" 302 142 0.000 "-" "Mozilla/5.0 (X11; Ubuntu; Linux x86_64; rv:99.0) Gecko/20100101 Firefox/99.0" - - - "http://127.0.0.1:9080"
192.168.16.8 - - [21/Apr/2022:03:45:31 +0000] 192.168.16.8:9080 "GET /?state=900751d626b8d5e1cde1db17bb0639f5&session_state=e2a7e4f2-5962-488a-a699-28aca7f12da3&code=70e7acb8-0ce2-483e-b108-e2c09e23151b.e2a7e4f2-5962-488a-a699-28aca7f12da3.e12669ae-507a-4c17-8445-0e8c4fa9e00c HTTP/1.1" 404 47 0.000 "-" "Mozilla/5.0 (X11; Ubuntu; Linux x86_64; rv:99.0) Gecko/20100101 Firefox/99.0" - - - "http://192.168.16.8:9080"
172.20.0.1 - - [21/Apr/2022:03:46:13 +0000] 127.0.0.1:9080 "GET /get?arg=10 HTTP/1.1" 302 142 0.000 "-" "Mozilla/5.0 (X11; Ubuntu; Linux x86_64; rv:99.0) Gecko/20100101 Firefox/99.0" - - - "http://127.0.0.1:9080"
172.20.0.1 - - [21/Apr/2022:03:46:41 +0000] 127.0.0.1:9080 "GET /image/png HTTP/1.1" 302 142 0.000 "-" "Mozilla/5.0 (X11; Ubuntu; Linux x86_64; rv:99.0) Gecko/20100101 Firefox/99.0" - - - "http://127.0.0.1:9080"
192.168.16.8 - - [21/Apr/2022:03:46:41 +0000] 192.168.16.8:9080 "GET /?state=01234807caa94100f52f16729615254d&session_state=e2a7e4f2-5962-488a-a699-28aca7f12da3&code=779b20b4-8c48-4b31-abdb-3bebfa52807c.e2a7e4f2-5962-488a-a699-28aca7f12da3.e12669ae-507a-4c17-8445-0e8c4fa9e00c HTTP/1.1" 500 565 0.000 "-" "Mozilla/5.0 (X11; Ubuntu; Linux x86_64; rv:99.0) Gecko/20100101 Firefox/99.0" - - - "http://192.168.16.8:9080"
192.168.16.8 - - [21/Apr/2022:03:47:02 +0000] 192.168.16.8:9080 "GET /image/png HTTP/1.1" 302 142 0.000 "-" "Mozilla/5.0 (X11; Ubuntu; Linux x86_64; rv:99.0) Gecko/20100101 Firefox/99.0" - - - "http://192.168.16.8:9080"
192.168.16.8 - - [21/Apr/2022:03:47:02 +0000] 192.168.16.8:9080 "GET /?state=97d4f2dac4ccc9ed7be67d33be2ae530&session_state=e2a7e4f2-5962-488a-a699-28aca7f12da3&code=3b980c01-5723-4b99-b72e-0135ac90d22e.e2a7e4f2-5962-488a-a699-28aca7f12da3.e12669ae-507a-4c17-8445-0e8c4fa9e00c HTTP/1.1" 302 142 0.100 "-" "Mozilla/5.0 (X11; Ubuntu; Linux x86_64; rv:99.0) Gecko/20100101 Firefox/99.0" - - - "http://192.168.16.8:9080"
192.168.16.8 - - [21/Apr/2022:03:47:02 +0000] 192.168.16.8:9080 "GET /image/png HTTP/1.1" 302 14 0.283 "-" "Mozilla/5.0 (X11; Ubuntu; Linux x86_64; rv:99.0) Gecko/20100101 Firefox/99.0" 35.169.55.235:80 302 0.244 "http://192.168.16.8:9080"
192.168.16.8 - - [21/Apr/2022:03:47:24 +0000] 192.168.16.8:9080 "GET /image/png HTTP/1.1" 302 14 0.262 "-" "Mozilla/5.0 (X11; Ubuntu; Linux x86_64; rv:99.0) Gecko/20100101 Firefox/99.0" 54.145.217.42:80 302 0.264 "http://192.168.16.8:9080"
172.20.0.1 - - [21/Apr/2022:03:47:40 +0000] 127.0.0.1:9080 "GET /image/png HTTP/1.1" 302 142 0.000 "-" "Mozilla/5.0 (X11; Ubuntu; Linux x86_64; rv:99.0) Gecko/20100101 Firefox/99.0" - - - "http://127.0.0.1:9080"
192.168.16.8 - - [21/Apr/2022:03:47:40 +0000] 192.168.16.8:9080 "GET /?state=1eb72a69b7414b0d5ca18644461ee9fd&session_state=e2a7e4f2-5962-488a-a699-28aca7f12da3&code=ada9d22b-2ad4-411f-816e-feaf67600a3e.e2a7e4f2-5962-488a-a699-28aca7f12da3.e12669ae-507a-4c17-8445-0e8c4fa9e00c HTTP/1.1" 500 565 0.000 "-" "Mozilla/5.0 (X11; Ubuntu; Linux x86_64; rv:99.0) Gecko/20100101 Firefox/99.0" - - - "http://192.168.16.8:9080"
172.20.0.1 - - [21/Apr/2022:03:49:33 +0000] 127.0.0.1:9080 "GET /image/png HTTP/1.1" 302 142 0.000 "-" "Mozilla/5.0 (X11; Ubuntu; Linux x86_64; rv:99.0) Gecko/20100101 Firefox/99.0" - - - "http://127.0.0.1:9080"
192.168.16.8 - - [21/Apr/2022:03:49:33 +0000] 192.168.16.8:9080 "GET /?state=0dd15f4ee239b047c783c7ffc78d597b&session_state=e2a7e4f2-5962-488a-a699-28aca7f12da3&code=8c0a6665-3ce2-4234-ab94-3b6a45d23e2a.e2a7e4f2-5962-488a-a699-28aca7f12da3.e12669ae-507a-4c17-8445-0e8c4fa9e00c HTTP/1.1" 500 565 0.000 "-" "Mozilla/5.0 (X11; Ubuntu; Linux x86_64; rv:99.0) Gecko/20100101 Firefox/99.0" - - - "http://192.168.16.8:9080"
172.20.0.1 - - [21/Apr/2022:03:50:16 +0000] localhost:9080 "GET /image/png HTTP/1.1" 302 142 0.000 "-" "Mozilla/5.0 (X11; Ubuntu; Linux x86_64; rv:99.0) Gecko/20100101 Firefox/99.0" - - - "http://localhost:9080"
192.168.16.8 - - [21/Apr/2022:03:50:40 +0000] 192.168.16.8:9080 "GET /?state=fe40df7206994e378505076efd51bed3&session_state=1179279e-d0bb-41a0-872a-1a75e1164248&code=21c269dd-08a1-42cf-a792-8be3f0db9ffc.1179279e-d0bb-41a0-872a-1a75e1164248.e12669ae-507a-4c17-8445-0e8c4fa9e00c HTTP/1.1" 500 565 0.000 "http://192.168.16.8:8080/" "Mozilla/5.0 (X11; Ubuntu; Linux x86_64; rv:99.0) Gecko/20100101 Firefox/99.0" - - - "http://192.168.16.8:9080"
172.20.0.1 - - [21/Apr/2022:05:34:32 +0000] 127.0.0.1:9080 "POST /apisix/admin/routes HTTP/1.1" 201 899 0.881 "-" "curl/7.68.0" - - - "http://127.0.0.1:9080"
172.20.0.1 - - [21/Apr/2022:05:35:32 +0000] 127.0.0.1:9080 "GET /get?arg=10 HTTP/1.1" 500 565 0.105 "-" "Mozilla/5.0 (X11; Ubuntu; Linux x86_64; rv:99.0) Gecko/20100101 Firefox/99.0" - - - "http://127.0.0.1:9080"
172.20.0.1 - - [21/Apr/2022:05:38:00 +0000] 127.0.0.1:9080 "GET /get?arg=10 HTTP/1.1" 302 142 0.006 "-" "Mozilla/5.0 (X11; Ubuntu; Linux x86_64; rv:99.0) Gecko/20100101 Firefox/99.0" - - - "http://127.0.0.1:9080"
172.20.0.1 - - [21/Apr/2022:05:38:42 +0000] 127.0.0.1:9080 "GET /get?arg=10 HTTP/1.1" 302 142 0.004 "-" "Mozilla/5.0 (X11; Ubuntu; Linux x86_64; rv:99.0) Gecko/20100101 Firefox/99.0" - - - "http://127.0.0.1:9080"
192.168.16.8 - - [21/Apr/2022:05:38:54 +0000] 192.168.16.8:9080 "GET /?state=daf6fd14bbf3bc99d7934c5a9bd6ed11&session_state=69b23d70-7248-4a93-9b8f-745dac7615a7&code=c406a77a-dbfa-4ef2-ae10-7e0163b76991.69b23d70-7248-4a93-9b8f-745dac7615a7.4be7915c-af80-4e3d-b550-ee886dec985b HTTP/1.1" 500 565 0.000 "http://192.168.16.8:8080/" "Mozilla/5.0 (X11; Ubuntu; Linux x86_64; rv:99.0) Gecko/20100101 Firefox/99.0" - - - "http://192.168.16.8:9080"
192.168.16.8 - - [21/Apr/2022:05:40:55 +0000] 192.168.16.8:9080 "GET /?state=daf6fd14bbf3bc99d7934c5a9bd6ed11&session_state=69b23d70-7248-4a93-9b8f-745dac7615a7&code=403fcbf0-d524-4562-84ff-ca970c30a182.69b23d70-7248-4a93-9b8f-745dac7615a7.4be7915c-af80-4e3d-b550-ee886dec985b HTTP/1.1" 500 565 0.000 "-" "Mozilla/5.0 (X11; Ubuntu; Linux x86_64; rv:99.0) Gecko/20100101 Firefox/99.0" - - - "http://192.168.16.8:9080"
192.168.16.8 - - [21/Apr/2022:05:41:08 +0000] 192.168.16.8:9080 "GET /get?arg=10 HTTP/1.1" 302 142 0.000 "-" "Mozilla/5.0 (X11; Ubuntu; Linux x86_64; rv:99.0) Gecko/20100101 Firefox/99.0" - - - "http://192.168.16.8:9080"
192.168.16.8 - - [21/Apr/2022:05:41:09 +0000] 192.168.16.8:9080 "GET /?state=0fc3f50b32fab299de489011b29115bc&session_state=69b23d70-7248-4a93-9b8f-745dac7615a7&code=25dbb53b-f7e4-4d43-a550-93e3035c11e6.69b23d70-7248-4a93-9b8f-745dac7615a7.4be7915c-af80-4e3d-b550-ee886dec985b HTTP/1.1" 302 142 0.818 "-" "Mozilla/5.0 (X11; Ubuntu; Linux x86_64; rv:99.0) Gecko/20100101 Firefox/99.0" - - - "http://192.168.16.8:9080"
192.168.16.8 - - [21/Apr/2022:05:41:09 +0000] 192.168.16.8:9080 "GET /get?arg=10 HTTP/1.1" 302 14 0.291 "-" "Mozilla/5.0 (X11; Ubuntu; Linux x86_64; rv:99.0) Gecko/20100101 Firefox/99.0" 35.169.55.235:80 302 0.252 "http://192.168.16.8:9080"
192.168.16.8 - - [21/Apr/2022:05:42:11 +0000] 192.168.16.8:9080 "GET /get?arg=1 HTTP/1.1" 302 142 0.000 "-" "curl/7.68.0" - - - "http://192.168.16.8:9080"
192.168.16.8 - - [21/Apr/2022:05:42:40 +0000] 192.168.16.8:9080 "GET /get HTTP/1.1" 302 142 0.000 "-" "curl/7.68.0" - - - "http://192.168.16.8:9080"
192.168.16.8 - - [21/Apr/2022:05:43:02 +0000] 192.168.16.8:9080 "GET / HTTP/1.1" 500 565 0.000 "-" "Mozilla/5.0 (X11; Ubuntu; Linux x86_64; rv:99.0) Gecko/20100101 Firefox/99.0" - - - "http://192.168.16.8:9080"
192.168.16.8 - - [21/Apr/2022:05:43:13 +0000] 192.168.16.8:9080 "GET /get HTTP/1.1" 302 142 0.000 "-" "Mozilla/5.0 (X11; Ubuntu; Linux x86_64; rv:99.0) Gecko/20100101 Firefox/99.0" - - - "http://192.168.16.8:9080"
192.168.16.8 - - [21/Apr/2022:05:43:13 +0000] 192.168.16.8:9080 "GET /?state=610f303446e98e55e5083a8f262074a4&session_state=69b23d70-7248-4a93-9b8f-745dac7615a7&code=e1e33873-b154-4e19-b087-8cd5378ef1d3.69b23d70-7248-4a93-9b8f-745dac7615a7.4be7915c-af80-4e3d-b550-ee886dec985b HTTP/1.1" 302 142 0.015 "-" "Mozilla/5.0 (X11; Ubuntu; Linux x86_64; rv:99.0) Gecko/20100101 Firefox/99.0" - - - "http://192.168.16.8:9080"
192.168.16.8 - - [21/Apr/2022:05:43:14 +0000] 192.168.16.8:9080 "GET /get HTTP/1.1" 302 14 0.283 "-" "Mozilla/5.0 (X11; Ubuntu; Linux x86_64; rv:99.0) Gecko/20100101 Firefox/99.0" 52.7.224.181:80 302 0.252 "http://192.168.16.8:9080"
172.20.0.1 - - [21/Apr/2022:05:44:21 +0000] localhost:9080 "GET /sss HTTP/1.1" 302 142 0.000 "-" "Mozilla/5.0 (X11; Ubuntu; Linux x86_64; rv:99.0) Gecko/20100101 Firefox/99.0" - - - "http://localhost:9080"
192.168.16.8 - - [21/Apr/2022:05:44:21 +0000] 192.168.16.8:9080 "GET /?state=42e9b168e91ae1c9155e74889d548152&session_state=69b23d70-7248-4a93-9b8f-745dac7615a7&code=17d8ffc6-71f4-4e92-a4ff-f848b5c3cb5f.69b23d70-7248-4a93-9b8f-745dac7615a7.4be7915c-af80-4e3d-b550-ee886dec985b HTTP/1.1" 500 565 0.000 "-" "Mozilla/5.0 (X11; Ubuntu; Linux x86_64; rv:99.0) Gecko/20100101 Firefox/99.0" - - - "http://192.168.16.8:9080"
192.168.16.8 - - [21/Apr/2022:05:47:05 +0000] 192.168.16.8:9080 "GET /get HTTP/1.1" 302 142 0.000 "-" "Mozilla/5.0 (X11; Ubuntu; Linux x86_64; rv:99.0) Gecko/20100101 Firefox/99.0" - - - "http://192.168.16.8:9080"
192.168.16.8 - - [21/Apr/2022:05:48:09 +0000] 192.168.16.8:9080 "GET /get HTTP/1.1" 401 176 0.000 "-" "Mozilla/5.0 (X11; Ubuntu; Linux x86_64; rv:99.0) Gecko/20100101 Firefox/99.0" - - - "http://192.168.16.8:9080"
192.168.16.8 - - [21/Apr/2022:05:48:48 +0000] 192.168.16.8:9080 "GET / HTTP/1.1" 401 176 0.000 "-" "Mozilla/5.0 (X11; Ubuntu; Linux x86_64; rv:99.0) Gecko/20100101 Firefox/99.0" - - - "http://192.168.16.8:9080"
192.168.16.8 - - [21/Apr/2022:05:48:53 +0000] 192.168.16.8:9080 "GET /get HTTP/1.1" 401 176 0.000 "-" "Mozilla/5.0 (X11; Ubuntu; Linux x86_64; rv:99.0) Gecko/20100101 Firefox/99.0" - - - "http://192.168.16.8:9080"
192.168.16.8 - - [21/Apr/2022:05:49:49 +0000] 192.168.16.8:9080 "GET /get HTTP/1.1" 401 176 0.000 "-" "Mozilla/5.0 (X11; Ubuntu; Linux x86_64; rv:99.0) Gecko/20100101 Firefox/99.0" - - - "http://192.168.16.8:9080"
192.168.16.8 - - [21/Apr/2022:06:30:00 +0000] 192.168.16.8:9080 "GET /get HTTP/1.1" 401 176 0.000 "-" "Mozilla/5.0 (X11; Ubuntu; Linux x86_64; rv:99.0) Gecko/20100101 Firefox/99.0" - - - "http://192.168.16.8:9080"
192.168.16.8 - - [21/Apr/2022:06:30:02 +0000] 192.168.16.8:9080 "GET /get HTTP/1.1" 401 176 0.000 "-" "Mozilla/5.0 (X11; Ubuntu; Linux x86_64; rv:99.0) Gecko/20100101 Firefox/99.0" - - - "http://192.168.16.8:9080"
172.20.0.1 - - [21/Apr/2022:07:25:27 +0000] 127.0.0.1:9080 "POST /apisix/admin/routes HTTP/1.1" 201 906 1.039 "-" "curl/7.68.0" - - - "http://127.0.0.1:9080"
192.168.16.8 - - [21/Apr/2022:07:27:59 +0000] 192.168.16.8:9080 "GET /get HTTP/1.1" 302 142 0.000 "-" "Mozilla/5.0 (X11; Ubuntu; Linux x86_64; rv:99.0) Gecko/20100101 Firefox/99.0" - - - "http://192.168.16.8:9080"
192.168.16.8 - - [21/Apr/2022:07:28:59 +0000] 192.168.16.8:9080 "GET / HTTP/1.1" 500 565 0.000 "-" "Mozilla/5.0 (X11; Ubuntu; Linux x86_64; rv:99.0) Gecko/20100101 Firefox/99.0" - - - "http://192.168.16.8:9080"
192.168.16.8 - - [21/Apr/2022:07:29:06 +0000] 192.168.16.8:9080 "GET / HTTP/1.1" 500 565 0.000 "-" "Mozilla/5.0 (X11; Ubuntu; Linux x86_64; rv:99.0) Gecko/20100101 Firefox/99.0" - - - "http://192.168.16.8:9080"
192.168.16.8 - - [21/Apr/2022:07:29:13 +0000] 192.168.16.8:9080 "GET /get HTTP/1.1" 302 142 0.000 "-" "Mozilla/5.0 (X11; Ubuntu; Linux x86_64; rv:99.0) Gecko/20100101 Firefox/99.0" - - - "http://192.168.16.8:9080"
192.168.16.8 - - [21/Apr/2022:07:29:21 +0000] 192.168.16.8:9080 "GET / HTTP/1.1" 500 565 0.000 "-" "Mozilla/5.0 (X11; Ubuntu; Linux x86_64; rv:99.0) Gecko/20100101 Firefox/99.0" - - - "http://192.168.16.8:9080"
192.168.16.8 - - [21/Apr/2022:07:29:45 +0000] 192.168.16.8:9080 "GET / HTTP/1.1" 500 565 0.000 "-" "Mozilla/5.0 (X11; Ubuntu; Linux x86_64; rv:99.0) Gecko/20100101 Firefox/99.0" - - - "http://192.168.16.8:9080"
192.168.16.8 - - [21/Apr/2022:07:29:48 +0000] 192.168.16.8:9080 "GET /get HTTP/1.1" 302 142 0.000 "-" "Mozilla/5.0 (X11; Ubuntu; Linux x86_64; rv:99.0) Gecko/20100101 Firefox/99.0" - - - "http://192.168.16.8:9080"
192.168.16.8 - - [21/Apr/2022:07:30:04 +0000] 192.168.16.8:9080 "GET / HTTP/1.1" 500 565 0.000 "-" "Mozilla/5.0 (X11; Ubuntu; Linux x86_64; rv:99.0) Gecko/20100101 Firefox/99.0" - - - "http://192.168.16.8:9080"
192.168.16.8 - - [21/Apr/2022:07:30:11 +0000] 192.168.16.8:9080 "GET /get HTTP/1.1" 302 142 0.000 "-" "Mozilla/5.0 (X11; Ubuntu; Linux x86_64; rv:99.0) Gecko/20100101 Firefox/99.0" - - - "http://192.168.16.8:9080"
192.168.16.8 - - [21/Apr/2022:07:30:58 +0000] 192.168.16.8:9080 "GET /get HTTP/1.1" 302 142 0.000 "-" "Mozilla/5.0 (X11; Ubuntu; Linux x86_64; rv:99.0) Gecko/20100101 Firefox/99.0" - - - "http://192.168.16.8:9080"
192.168.16.8 - - [21/Apr/2022:07:31:13 +0000] 192.168.16.8:9080 "GET /get HTTP/1.1" 302 142 0.000 "-" "Mozilla/5.0 (X11; Ubuntu; Linux x86_64; rv:99.0) Gecko/20100101 Firefox/99.0" - - - "http://192.168.16.8:9080"
192.168.16.8 - - [21/Apr/2022:07:34:23 +0000] 192.168.16.8:9080 "GET /get HTTP/1.1" 302 142 0.000 "-" "Mozilla/5.0 (X11; Ubuntu; Linux x86_64; rv:99.0) Gecko/20100101 Firefox/99.0" - - - "http://192.168.16.8:9080"
192.168.16.8 - - [21/Apr/2022:07:34:23 +0000] 192.168.16.8:9080 "GET /?state=66982182f4ab167d6aeb199ac0eeacd3&session_state=a0d6da8a-d6a5-4fe9-8ad0-5cb918dfcb5d&code=4c9448b2-d95b-4490-a547-69293e1370c9.a0d6da8a-d6a5-4fe9-8ad0-5cb918dfcb5d.4be7915c-af80-4e3d-b550-ee886dec985b HTTP/1.1" 302 142 0.010 "-" "Mozilla/5.0 (X11; Ubuntu; Linux x86_64; rv:99.0) Gecko/20100101 Firefox/99.0" - - - "http://192.168.16.8:9080"
192.168.16.8 - - [21/Apr/2022:07:34:23 +0000] 192.168.16.8:9080 "GET /get HTTP/1.1" 302 14 0.295 "-" "Mozilla/5.0 (X11; Ubuntu; Linux x86_64; rv:99.0) Gecko/20100101 Firefox/99.0" 3.231.0.150:80 302 0.260 "http://192.168.16.8:9080"
192.168.16.8 - - [21/Apr/2022:07:34:45 +0000] 192.168.16.8:9080 "GET /get HTTP/1.1" 302 14 0.263 "-" "Mozilla/5.0 (X11; Ubuntu; Linux x86_64; rv:99.0) Gecko/20100101 Firefox/99.0" 18.215.122.215:80 302 0.264 "http://192.168.16.8:9080"
192.168.16.8 - - [21/Apr/2022:07:35:12 +0000] 192.168.16.8:9080 "GET /get HTTP/1.1" 302 14 0.283 "-" "Mozilla/5.0 (X11; Ubuntu; Linux x86_64; rv:99.0) Gecko/20100101 Firefox/99.0" 52.7.224.181:80 302 0.252 "http://192.168.16.8:9080"
172.20.0.1 - - [21/Apr/2022:07:35:21 +0000] localhost:9080 "GET /get HTTP/1.1" 302 142 0.000 "-" "Mozilla/5.0 (X11; Ubuntu; Linux x86_64; rv:99.0) Gecko/20100101 Firefox/99.0" - - - "http://localhost:9080"
192.168.16.8 - - [21/Apr/2022:07:35:21 +0000] 192.168.16.8:9080 "GET /?state=c4f5d31ce4623ab7557c4126a528f926&session_state=a0d6da8a-d6a5-4fe9-8ad0-5cb918dfcb5d&code=27890ab3-33d7-4d37-8371-0382ca0d5b6b.a0d6da8a-d6a5-4fe9-8ad0-5cb918dfcb5d.4be7915c-af80-4e3d-b550-ee886dec985b HTTP/1.1" 500 565 0.000 "-" "Mozilla/5.0 (X11; Ubuntu; Linux x86_64; rv:99.0) Gecko/20100101 Firefox/99.0" - - - "http://192.168.16.8:9080"
192.168.16.8 - - [21/Apr/2022:07:36:44 +0000] 192.168.16.8:9080 "GET / HTTP/1.1" 500 565 0.000 "-" "Mozilla/5.0 (X11; Ubuntu; Linux x86_64; rv:99.0) Gecko/20100101 Firefox/99.0" - - - "http://192.168.16.8:9080"
192.168.16.8 - - [21/Apr/2022:07:37:10 +0000] 192.168.16.8:9080 "GET / HTTP/1.1" 500 565 0.000 "-" "Mozilla/5.0 (X11; Ubuntu; Linux x86_64; rv:99.0) Gecko/20100101 Firefox/99.0" - - - "http://192.168.16.8:9080"
192.168.16.8 - - [21/Apr/2022:07:37:14 +0000] 192.168.16.8:9080 "GET /get HTTP/1.1" 302 142 0.000 "-" "Mozilla/5.0 (X11; Ubuntu; Linux x86_64; rv:99.0) Gecko/20100101 Firefox/99.0" - - - "http://192.168.16.8:9080"
192.168.16.8 - - [21/Apr/2022:07:37:14 +0000] 192.168.16.8:9080 "GET /?state=c5c9558375322f57f27544a6b1618a2b&session_state=a0d6da8a-d6a5-4fe9-8ad0-5cb918dfcb5d&code=ba4feb25-1486-4b6e-aacf-9dd1a367be1c.a0d6da8a-d6a5-4fe9-8ad0-5cb918dfcb5d.4be7915c-af80-4e3d-b550-ee886dec985b HTTP/1.1" 302 142 0.010 "-" "Mozilla/5.0 (X11; Ubuntu; Linux x86_64; rv:99.0) Gecko/20100101 Firefox/99.0" - - - "http://192.168.16.8:9080"
192.168.16.8 - - [21/Apr/2022:07:37:14 +0000] 192.168.16.8:9080 "GET /get HTTP/1.1" 302 14 0.285 "-" "Mozilla/5.0 (X11; Ubuntu; Linux x86_64; rv:99.0) Gecko/20100101 Firefox/99.0" 52.7.224.181:80 302 0.252 "http://192.168.16.8:9080"
192.168.16.8 - - [21/Apr/2022:07:37:38 +0000] 192.168.16.8:9080 "GET / HTTP/1.1" 500 565 0.000 "-" "Mozilla/5.0 (X11; Ubuntu; Linux x86_64; rv:99.0) Gecko/20100101 Firefox/99.0" - - - "http://192.168.16.8:9080"
192.168.16.8 - - [21/Apr/2022:07:38:10 +0000] 192.168.16.8:9080 "GET /get HTTP/1.1" 302 142 0.000 "-" "Mozilla/5.0 (X11; Ubuntu; Linux x86_64; rv:99.0) Gecko/20100101 Firefox/99.0" - - - "http://192.168.16.8:9080"
192.168.16.8 - - [21/Apr/2022:07:38:10 +0000] 192.168.16.8:9080 "GET /?state=9a3bdc5295724face3e96a0b30711064&session_state=a0d6da8a-d6a5-4fe9-8ad0-5cb918dfcb5d&code=86de32e9-fe6e-4f02-9705-f6e385a5337d.a0d6da8a-d6a5-4fe9-8ad0-5cb918dfcb5d.4be7915c-af80-4e3d-b550-ee886dec985b HTTP/1.1" 302 142 0.009 "-" "Mozilla/5.0 (X11; Ubuntu; Linux x86_64; rv:99.0) Gecko/20100101 Firefox/99.0" - - - "http://192.168.16.8:9080"
192.168.16.8 - - [21/Apr/2022:07:38:10 +0000] 192.168.16.8:9080 "GET /get HTTP/1.1" 302 14 0.280 "-" "Mozilla/5.0 (X11; Ubuntu; Linux x86_64; rv:99.0) Gecko/20100101 Firefox/99.0" 52.7.224.181:80 302 0.244 "http://192.168.16.8:9080"
172.20.0.1 - - [21/Apr/2022:07:38:25 +0000] localhost:9080 "GET /get HTTP/1.1" 302 142 0.000 "-" "Mozilla/5.0 (X11; Ubuntu; Linux x86_64; rv:99.0) Gecko/20100101 Firefox/99.0" - - - "http://localhost:9080"
192.168.16.8 - - [21/Apr/2022:07:38:25 +0000] 192.168.16.8:9080 "GET /?state=18dc8693fdee9e4380d84417217f1d99&session_state=a0d6da8a-d6a5-4fe9-8ad0-5cb918dfcb5d&code=6a1d04fc-a0a9-461d-90c4-75bc7712fd15.a0d6da8a-d6a5-4fe9-8ad0-5cb918dfcb5d.4be7915c-af80-4e3d-b550-ee886dec985b HTTP/1.1" 500 565 0.000 "-" "Mozilla/5.0 (X11; Ubuntu; Linux x86_64; rv:99.0) Gecko/20100101 Firefox/99.0" - - - "http://192.168.16.8:9080"
172.20.0.1 - - [21/Apr/2022:07:39:23 +0000] localhost:9080 "GET / HTTP/1.1" 500 565 0.000 "-" "Mozilla/5.0 (X11; Ubuntu; Linux x86_64; rv:99.0) Gecko/20100101 Firefox/99.0" - - - "http://localhost:9080"
172.20.0.1 - - [21/Apr/2022:07:39:23 +0000] localhost:9080 "GET /favicon.ico HTTP/1.1" 302 142 0.000 "http://localhost:9080/" "Mozilla/5.0 (X11; Ubuntu; Linux x86_64; rv:99.0) Gecko/20100101 Firefox/99.0" - - - "http://localhost:9080"
172.20.0.1 - - [21/Apr/2022:07:39:26 +0000] localhost:9080 "GET /get HTTP/1.1" 302 142 0.000 "-" "Mozilla/5.0 (X11; Ubuntu; Linux x86_64; rv:99.0) Gecko/20100101 Firefox/99.0" - - - "http://localhost:9080"
172.20.0.1 - - [21/Apr/2022:07:39:26 +0000] localhost:9080 "GET /?state=45604cd37224d16bf90c4f4c93d0cd72&session_state=a0d6da8a-d6a5-4fe9-8ad0-5cb918dfcb5d&code=23950c13-d1e1-4558-9b48-06a42cd84837.a0d6da8a-d6a5-4fe9-8ad0-5cb918dfcb5d.4be7915c-af80-4e3d-b550-ee886dec985b HTTP/1.1" 302 142 0.018 "-" "Mozilla/5.0 (X11; Ubuntu; Linux x86_64; rv:99.0) Gecko/20100101 Firefox/99.0" - - - "http://localhost:9080"
172.20.0.1 - - [21/Apr/2022:07:39:27 +0000] localhost:9080 "GET /get HTTP/1.1" 200 7841 0.569 "-" "Mozilla/5.0 (X11; Ubuntu; Linux x86_64; rv:99.0) Gecko/20100101 Firefox/99.0" 18.215.122.215:80 200 0.532 "http://localhost:9080"
172.20.0.1 - - [21/Apr/2022:07:40:03 +0000] localhost:9080 "GET /get HTTP/1.1" 302 142 0.000 "-" "Mozilla/5.0 (X11; Ubuntu; Linux x86_64; rv:99.0) Gecko/20100101 Firefox/99.0" - - - "http://localhost:9080"
172.20.0.1 - - [21/Apr/2022:07:40:03 +0000] localhost:9080 "GET /?state=374db8d688eec97942085fe6bebfe8eb&session_state=a0d6da8a-d6a5-4fe9-8ad0-5cb918dfcb5d&code=b6163d17-ee2d-4215-8f34-33b4fdbea2dd.a0d6da8a-d6a5-4fe9-8ad0-5cb918dfcb5d.4be7915c-af80-4e3d-b550-ee886dec985b HTTP/1.1" 302 142 0.010 "-" "Mozilla/5.0 (X11; Ubuntu; Linux x86_64; rv:99.0) Gecko/20100101 Firefox/99.0" - - - "http://localhost:9080"
172.20.0.1 - - [21/Apr/2022:07:40:32 +0000] localhost:9080 "GET /get HTTP/1.1" 503 194 29.290 "-" "Mozilla/5.0 (X11; Ubuntu; Linux x86_64; rv:99.0) Gecko/20100101 Firefox/99.0" - - - "http://localhost:9080"
172.20.0.1 - - [21/Apr/2022:07:40:45 +0000] localhost:9080 "GET /get HTTP/1.1" 200 7791 0.531 "-" "Mozilla/5.0 (X11; Ubuntu; Linux x86_64; rv:99.0) Gecko/20100101 Firefox/99.0" 35.169.55.235:80 200 0.500 "http://localhost:9080"
172.20.0.1 - - [21/Apr/2022:07:40:58 +0000] localhost:9080 "GET /get HTTP/1.1" 302 142 0.000 "-" "Mozilla/5.0 (X11; Ubuntu; Linux x86_64; rv:99.0) Gecko/20100101 Firefox/99.0" - - - "http://localhost:9080"
172.20.0.1 - - [21/Apr/2022:07:40:58 +0000] localhost:9080 "GET /?state=1f21f61ee7260a7000b905c56f018e26&session_state=a0d6da8a-d6a5-4fe9-8ad0-5cb918dfcb5d&code=21d9bfdb-ef7a-4f8f-8733-8cd087c36f8b.a0d6da8a-d6a5-4fe9-8ad0-5cb918dfcb5d.4be7915c-af80-4e3d-b550-ee886dec985b HTTP/1.1" 302 142 0.011 "-" "Mozilla/5.0 (X11; Ubuntu; Linux x86_64; rv:99.0) Gecko/20100101 Firefox/99.0" - - - "http://localhost:9080"
172.20.0.1 - - [21/Apr/2022:07:40:59 +0000] localhost:9080 "GET /get HTTP/1.1" 200 7791 0.641 "-" "Mozilla/5.0 (X11; Ubuntu; Linux x86_64; rv:99.0) Gecko/20100101 Firefox/99.0" 72.44.59.17:80 200 0.640 "http://localhost:9080"
172.20.0.1 - - [21/Apr/2022:07:42:58 +0000] localhost:9080 "GET /get HTTP/1.1" 302 142 0.000 "-" "Mozilla/5.0 (X11; Ubuntu; Linux x86_64; rv:99.0) Gecko/20100101 Firefox/99.0" - - - "http://localhost:9080"
172.20.0.1 - - [21/Apr/2022:07:42:58 +0000] localhost:9080 "GET /?state=1f66310dc7118e89e4e14466b52a9f51&session_state=a0d6da8a-d6a5-4fe9-8ad0-5cb918dfcb5d&code=47be2ad8-b43f-46e2-8334-e17cde5734d5.a0d6da8a-d6a5-4fe9-8ad0-5cb918dfcb5d.4be7915c-af80-4e3d-b550-ee886dec985b HTTP/1.1" 302 142 0.011 "-" "Mozilla/5.0 (X11; Ubuntu; Linux x86_64; rv:99.0) Gecko/20100101 Firefox/99.0" - - - "http://localhost:9080"
172.20.0.1 - - [21/Apr/2022:07:42:58 +0000] localhost:9080 "GET /get HTTP/1.1" 200 7791 0.563 "-" "Mozilla/5.0 (X11; Ubuntu; Linux x86_64; rv:99.0) Gecko/20100101 Firefox/99.0" 18.215.122.215:80 200 0.524 "http://localhost:9080"
172.20.0.1 - - [21/Apr/2022:07:43:09 +0000] localhost:9080 "GET /image/png HTTP/1.1" 200 8090 0.264 "-" "Mozilla/5.0 (X11; Ubuntu; Linux x86_64; rv:99.0) Gecko/20100101 Firefox/99.0" 18.215.122.215:80 200 0.264 "http://localhost:9080"
172.20.0.1 - - [21/Apr/2022:07:43:22 +0000] localhost:9080 "GET /image/png HTTP/1.1" 200 8090 0.574 "-" "Mozilla/5.0 (X11; Ubuntu; Linux x86_64; rv:99.0) Gecko/20100101 Firefox/99.0" 3.226.124.170:80 200 0.576 "http://localhost:9080"
172.20.0.1 - - [21/Apr/2022:07:45:10 +0000] localhost:9080 "GET / HTTP/1.1" 500 565 0.000 "-" "Mozilla/5.0 (X11; Linux x86_64) AppleWebKit/537.36 (KHTML, like Gecko) Chrome/100.0.4896.60 Safari/537.36" - - - "http://localhost:9080"
172.20.0.1 - - [21/Apr/2022:07:45:10 +0000] localhost:9080 "GET /favicon.ico HTTP/1.1" 302 142 0.000 "http://localhost:9080/" "Mozilla/5.0 (X11; Linux x86_64) AppleWebKit/537.36 (KHTML, like Gecko) Chrome/100.0.4896.60 Safari/537.36" - - - "http://localhost:9080"
172.20.0.1 - - [21/Apr/2022:07:45:20 +0000] localhost:9080 "GET /get HTTP/1.1" 302 142 0.000 "-" "Mozilla/5.0 (X11; Linux x86_64) AppleWebKit/537.36 (KHTML, like Gecko) Chrome/100.0.4896.60 Safari/537.36" - - - "http://localhost:9080"
172.20.0.1 - - [21/Apr/2022:07:46:17 +0000] localhost:9080 "GET /?state=6c0cc716f16938a6eade711a90ebb914&session_state=e1431bd3-f19d-4a22-a1c6-1f94c3c87926&code=b555e0f7-875b-4dee-b261-b4ac8829ceea.e1431bd3-f19d-4a22-a1c6-1f94c3c87926.4be7915c-af80-4e3d-b550-ee886dec985b HTTP/1.1" 302 142 0.009 "http://192.168.16.8:8080/" "Mozilla/5.0 (X11; Linux x86_64) AppleWebKit/537.36 (KHTML, like Gecko) Chrome/100.0.4896.60 Safari/537.36" - - - "http://localhost:9080"
172.20.0.1 - - [21/Apr/2022:07:46:17 +0000] localhost:9080 "GET /get HTTP/1.1" 200 8082 0.552 "http://192.168.16.8:8080/" "Mozilla/5.0 (X11; Linux x86_64) AppleWebKit/537.36 (KHTML, like Gecko) Chrome/100.0.4896.60 Safari/537.36" 3.231.0.150:80 200 0.516 "http://localhost:9080"
172.20.0.1 - - [21/Apr/2022:07:46:18 +0000] localhost:9080 "GET /favicon.ico HTTP/1.1" 404 233 0.531 "http://localhost:9080/get" "Mozilla/5.0 (X11; Linux x86_64) AppleWebKit/537.36 (KHTML, like Gecko) Chrome/100.0.4896.60 Safari/537.36" 18.215.122.215:80 404 0.528 "http://localhost:9080"
172.20.0.1 - - [21/Apr/2022:07:48:24 +0000] localhost:9080 "GET /get HTTP/1.1" 302 142 0.000 "-" "Mozilla/5.0 (X11; Linux x86_64) AppleWebKit/537.36 (KHTML, like Gecko) Chrome/100.0.4896.60 Safari/537.36" - - - "http://localhost:9080"
172.20.0.1 - - [21/Apr/2022:07:48:24 +0000] localhost:9080 "GET /?state=fc8143b421eba4732f6d86c00291f9c9&session_state=e1431bd3-f19d-4a22-a1c6-1f94c3c87926&code=8185fb26-05d5-4bb9-9e09-7e8bc4fe9398.e1431bd3-f19d-4a22-a1c6-1f94c3c87926.4be7915c-af80-4e3d-b550-ee886dec985b HTTP/1.1" 302 142 0.013 "-" "Mozilla/5.0 (X11; Linux x86_64) AppleWebKit/537.36 (KHTML, like Gecko) Chrome/100.0.4896.60 Safari/537.36" - - - "http://localhost:9080"
172.20.0.1 - - [21/Apr/2022:07:48:26 +0000] localhost:9080 "GET /get HTTP/1.1" 200 8031 2.087 "-" "Mozilla/5.0 (X11; Linux x86_64) AppleWebKit/537.36 (KHTML, like Gecko) Chrome/100.0.4896.60 Safari/537.36" 3.231.0.150:80 200 2.052 "http://localhost:9080"
172.20.0.1 - - [21/Apr/2022:07:48:42 +0000] localhost:9080 "GET /get HTTP/1.1" 302 142 0.000 "-" "Mozilla/5.0 (X11; Linux x86_64) AppleWebKit/537.36 (KHTML, like Gecko) Chrome/100.0.4896.60 Safari/537.36" - - - "http://localhost:9080"
172.20.0.1 - - [21/Apr/2022:07:48:42 +0000] localhost:9080 "GET /?state=df96e47ee50a271494b8810e3c5759d0&session_state=e1431bd3-f19d-4a22-a1c6-1f94c3c87926&code=f66e6487-3c91-4d2f-9ceb-bf843edb9b3d.e1431bd3-f19d-4a22-a1c6-1f94c3c87926.4be7915c-af80-4e3d-b550-ee886dec985b HTTP/1.1" 302 142 0.015 "-" "Mozilla/5.0 (X11; Linux x86_64) AppleWebKit/537.36 (KHTML, like Gecko) Chrome/100.0.4896.60 Safari/537.36" - - - "http://localhost:9080"
172.20.0.1 - - [21/Apr/2022:07:48:42 +0000] localhost:9080 "GET /get HTTP/1.1" 200 8031 0.569 "-" "Mozilla/5.0 (X11; Linux x86_64) AppleWebKit/537.36 (KHTML, like Gecko) Chrome/100.0.4896.60 Safari/537.36" 3.226.124.170:80 200 0.568 "http://localhost:9080"
172.20.0.1 - - [21/Apr/2022:07:49:48 +0000] localhost:9080 "GET /get HTTP/1.1" 302 142 0.000 "-" "Mozilla/5.0 (X11; Linux x86_64) AppleWebKit/537.36 (KHTML, like Gecko) Chrome/100.0.4896.60 Safari/537.36" - - - "http://localhost:9080"
172.20.0.1 - - [21/Apr/2022:07:50:30 +0000] localhost:9080 "GET /get HTTP/1.1" 302 142 0.000 "-" "Mozilla/5.0 (X11; Linux x86_64) AppleWebKit/537.36 (KHTML, like Gecko) Chrome/100.0.4896.60 Safari/537.36" - - - "http://localhost:9080"
172.20.0.1 - - [21/Apr/2022:07:50:31 +0000] localhost:9080 "GET / HTTP/1.1" 500 565 0.000 "-" "Mozilla/5.0 (X11; Linux x86_64) AppleWebKit/537.36 (KHTML, like Gecko) Chrome/100.0.4896.60 Safari/537.36" - - - "http://localhost:9080"
172.20.0.1 - - [21/Apr/2022:07:50:42 +0000] localhost:9080 "GET /get HTTP/1.1" 302 142 0.000 "-" "Mozilla/5.0 (X11; Linux x86_64) AppleWebKit/537.36 (KHTML, like Gecko) Chrome/100.0.4896.60 Safari/537.36" - - - "http://localhost:9080"
172.20.0.1 - - [21/Apr/2022:07:51:55 +0000] localhost:9080 "GET /?state=7bb3e02b8954da1d64317ed7676e009f&session_state=2c9efdcf-128b-4074-ac1d-9cd84c3a470e&code=c9e2c393-8228-44ff-a21e-fd0e20a094c2.2c9efdcf-128b-4074-ac1d-9cd84c3a470e.4be7915c-af80-4e3d-b550-ee886dec985b HTTP/1.1" 500 565 0.000 "http://192.168.16.8:8080/" "Mozilla/5.0 (X11; Linux x86_64) AppleWebKit/537.36 (KHTML, like Gecko) Chrome/100.0.4896.60 Safari/537.36" - - - "http://localhost:9080"
172.20.0.1 - - [21/Apr/2022:07:52:25 +0000] localhost:9080 "GET /get HTTP/1.1" 302 142 0.000 "-" "Mozilla/5.0 (X11; Linux x86_64) AppleWebKit/537.36 (KHTML, like Gecko) Chrome/100.0.4896.60 Safari/537.36" - - - "http://localhost:9080"
172.20.0.1 - - [21/Apr/2022:07:52:25 +0000] localhost:9080 "GET /?state=92fd0d542944772bc0e21739d486b06a&session_state=2c9efdcf-128b-4074-ac1d-9cd84c3a470e&code=c8b2c267-e17a-4a4b-b698-a9a210cc618e.2c9efdcf-128b-4074-ac1d-9cd84c3a470e.4be7915c-af80-4e3d-b550-ee886dec985b HTTP/1.1" 302 142 0.012 "-" "Mozilla/5.0 (X11; Linux x86_64) AppleWebKit/537.36 (KHTML, like Gecko) Chrome/100.0.4896.60 Safari/537.36" - - - "http://localhost:9080"
172.20.0.1 - - [21/Apr/2022:07:52:26 +0000] localhost:9080 "GET /get HTTP/1.1" 200 7996 0.569 "-" "Mozilla/5.0 (X11; Linux x86_64) AppleWebKit/537.36 (KHTML, like Gecko) Chrome/100.0.4896.60 Safari/537.36" 72.44.59.17:80 200 0.532 "http://localhost:9080"
172.20.0.1 - - [21/Apr/2022:07:53:10 +0000] localhost:9080 "GET /get HTTP/1.1" 200 8031 0.548 "-" "Mozilla/5.0 (X11; Linux x86_64) AppleWebKit/537.36 (KHTML, like Gecko) Chrome/100.0.4896.60 Safari/537.36" 3.231.0.150:80 200 0.516 "http://localhost:9080"
172.20.0.1 - - [21/Apr/2022:07:53:26 +0000] localhost:9080 "GET /get HTTP/1.1" 302 142 0.000 "-" "Mozilla/5.0 (X11; Ubuntu; Linux x86_64; rv:99.0) Gecko/20100101 Firefox/99.0" - - - "http://localhost:9080"
172.20.0.1 - - [21/Apr/2022:07:53:26 +0000] localhost:9080 "GET /?state=b3ddd9d5f657a7ecf432b67d8e0a0dfb&session_state=a0d6da8a-d6a5-4fe9-8ad0-5cb918dfcb5d&code=c1d8764a-6725-4019-9cfc-797fd304751b.a0d6da8a-d6a5-4fe9-8ad0-5cb918dfcb5d.4be7915c-af80-4e3d-b550-ee886dec985b HTTP/1.1" 302 142 0.009 "-" "Mozilla/5.0 (X11; Ubuntu; Linux x86_64; rv:99.0) Gecko/20100101 Firefox/99.0" - - - "http://localhost:9080"
172.20.0.1 - - [21/Apr/2022:07:53:27 +0000] localhost:9080 "GET /get HTTP/1.1" 200 7791 0.494 "-" "Mozilla/5.0 (X11; Ubuntu; Linux x86_64; rv:99.0) Gecko/20100101 Firefox/99.0" 35.169.55.235:80 200 0.492 "http://localhost:9080"
172.20.0.1 - - [21/Apr/2022:07:53:29 +0000] localhost:9080 "GET /get HTTP/1.1" 200 7803 0.545 "-" "Mozilla/5.0 (X11; Ubuntu; Linux x86_64; rv:99.0) Gecko/20100101 Firefox/99.0" 72.44.59.17:80 200 0.548 "http://localhost:9080"
172.20.0.1 - - [21/Apr/2022:07:53:35 +0000] localhost:9080 "GET /get HTTP/1.1" 200 7826 0.771 "-" "Mozilla/5.0 (X11; Ubuntu; Linux x86_64; rv:99.0) Gecko/20100101 Firefox/99.0" 3.231.0.150:80 200 0.768 "http://localhost:9080"
172.20.0.1 - - [21/Apr/2022:07:53:37 +0000] localhost:9080 "GET /get HTTP/1.1" 200 7803 0.529 "-" "Mozilla/5.0 (X11; Ubuntu; Linux x86_64; rv:99.0) Gecko/20100101 Firefox/99.0" 18.215.122.215:80 200 0.532 "http://localhost:9080"
172.20.0.1 - - [21/Apr/2022:07:53:39 +0000] localhost:9080 "GET /get HTTP/1.1" 200 7803 0.519 "-" "Mozilla/5.0 (X11; Ubuntu; Linux x86_64; rv:99.0) Gecko/20100101 Firefox/99.0" 52.7.224.181:80 200 0.520 "http://localhost:9080"
172.20.0.1 - - [21/Apr/2022:07:54:10 +0000] localhost:9080 "GET /get HTTP/1.1" 200 7826 0.291 "-" "Mozilla/5.0 (X11; Ubuntu; Linux x86_64; rv:99.0) Gecko/20100101 Firefox/99.0" 52.7.224.181:80 200 0.256 "http://localhost:9080"
172.20.0.1 - - [21/Apr/2022:07:54:24 +0000] localhost:9080 "GET /get HTTP/1.1" 302 142 0.000 "-" "Mozilla/5.0 (X11; Ubuntu; Linux x86_64; rv:99.0) Gecko/20100101 Firefox/99.0" - - - "http://localhost:9080"
172.20.0.1 - - [21/Apr/2022:07:58:38 +0000] localhost:9080 "GET /get HTTP/1.1" 401 176 0.000 "-" "Mozilla/5.0 (X11; Ubuntu; Linux x86_64; rv:99.0) Gecko/20100101 Firefox/99.0" - - - "http://localhost:9080"
172.20.0.1 - - [21/Apr/2022:07:59:09 +0000] localhost:9080 "GET /get HTTP/1.1" 401 578 0.000 "-" "Mozilla/5.0 (X11; Linux x86_64) AppleWebKit/537.36 (KHTML, like Gecko) Chrome/100.0.4896.60 Safari/537.36" - - - "http://localhost:9080"
172.20.0.1 - - [21/Apr/2022:09:11:53 +0000] localhost:9080 "GET /get HTTP/1.1" 302 142 0.000 "-" "Mozilla/5.0 (X11; Ubuntu; Linux x86_64; rv:99.0) Gecko/20100101 Firefox/99.0" - - - "http://localhost:9080"
172.20.0.1 - - [21/Apr/2022:09:12:06 +0000] localhost:9080 "GET /?state=f6e654648441c7905ef4992205811318&session_state=f2399b0b-4279-450c-ab55-4d99ef623014&code=69ac2fd4-e77a-4f08-ab8c-172ad6a9e271.f2399b0b-4279-450c-ab55-4d99ef623014.4be7915c-af80-4e3d-b550-ee886dec985b HTTP/1.1" 302 142 0.010 "http://192.168.16.8:8080/" "Mozilla/5.0 (X11; Ubuntu; Linux x86_64; rv:99.0) Gecko/20100101 Firefox/99.0" - - - "http://localhost:9080"
172.20.0.1 - - [21/Apr/2022:09:12:06 +0000] localhost:9080 "GET /get HTTP/1.1" 200 7842 0.553 "http://192.168.16.8:8080/" "Mozilla/5.0 (X11; Ubuntu; Linux x86_64; rv:99.0) Gecko/20100101 Firefox/99.0" 3.226.124.170:80 200 0.520 "http://localhost:9080"
172.20.0.1 - - [21/Apr/2022:10:03:39 +0000] localhost:9080 "GET /get HTTP/1.1" 302 142 0.000 "-" "Mozilla/5.0 (X11; Ubuntu; Linux x86_64; rv:99.0) Gecko/20100101 Firefox/99.0" - - - "http://localhost:9080"
192.168.16.8 - - [21/Apr/2022:10:03:54 +0000] 192.168.16.8:9080 "GET /get HTTP/1.1" 302 142 0.000 "-" "Mozilla/5.0 (X11; Ubuntu; Linux x86_64; rv:99.0) Gecko/20100101 Firefox/99.0" - - - "http://192.168.16.8:9080"
192.168.16.8 - - [21/Apr/2022:10:07:20 +0000] 192.168.16.8:9080 "GET /get HTTP/1.1" 302 142 0.000 "-" "Mozilla/5.0 (X11; Ubuntu; Linux x86_64; rv:99.0) Gecko/20100101 Firefox/99.0" - - - "http://192.168.16.8:9080"
172.20.0.1 - - [21/Apr/2022:10:07:28 +0000] localhost:9080 "GET /get HTTP/1.1" 302 142 0.000 "-" "Mozilla/5.0 (X11; Ubuntu; Linux x86_64; rv:99.0) Gecko/20100101 Firefox/99.0" - - - "http://localhost:9080"
172.20.0.1 - - [21/Apr/2022:10:08:05 +0000] localhost:9080 "GET / HTTP/1.1" 404 47 0.000 "-" "Mozilla/5.0 (X11; Ubuntu; Linux x86_64; rv:99.0) Gecko/20100101 Firefox/99.0" - - - "http://localhost:9080"
172.20.0.1 - - [21/Apr/2022:10:08:09 +0000] localhost:9080 "GET /get HTTP/1.1" 302 142 0.000 "-" "Mozilla/5.0 (X11; Ubuntu; Linux x86_64; rv:99.0) Gecko/20100101 Firefox/99.0" - - - "http://localhost:9080"
